62.069
10
57.5758
0
34.0426
100
14.5639
0
72.5806
0
12.2642
5.97015
37.931
26.7717
29.0984
61.6822
44.4444
0
23.0769
50
56.5217
32
6.32911
24.7059
31.9444
11.7117
43
26.25
9.43396
6.25
34.2475
36.4286
29.1262
69.2308
11.1111
18.0451
32
34.7826
33.3333
34.7826
3.0303
34.7826
34.7826
3.84615
2.43902
34.4221
2.03252
27.8481
18.4211
48.6891
24.3421
35.7143
32.3308
53.2125
36.9863
60.2941
4.65116
36.5019
3.84615
2.43902
34.4221
48.6891
35.7143
24.3421
32.3308
23.3333
56.2814
25
34.5455
8.87574
12.2222
10.5012
61.9048
94.1873
38.4428
74.359
57.5472
12.5
4.70035
5.55556
10
2.63158
30.1766
2.5
14.0794
52.1961
2.03252
62.9428
16.9231
28
17.284
36.3322
25
24
52.1961
9.54274
23.4692
43.4959
15.8333
38.3178
8.69565
58.4615
51
5.82524
29.4118
31.0924
32.6923
6.06061
0
36.0825
44.4444
60.2941
4.7619
30.5882
87.4031
28.8889
36.5854
8.87574
