libunwind-x86_64.so: Total APIs: 29 Complex APIs: 11
libunwind-setjmp.so: Total APIs: 0 Complex APIs: 0
libunwind-ptrace.so: Total APIs: 10 Complex APIs: 9
libunwind.so: Total APIs: 33 Complex APIs: 14
libunwind-coredump.so: Total APIs: 16 Complex APIs: 16
libidn.so: Total APIs: 47 Complex APIs: 31
libX11-xcb.so: Total APIs: 2 Complex APIs: 0
libX11.so: Total APIs: 1181 Complex APIs: 1009
libffi.so: Total APIs: 22 Complex APIs: 22
libnuma.so: Total APIs: 62 Complex APIs: 17
libnonrandomopen.so: Total APIs: 1 Complex APIs: 1
libzip.so: Total APIs: 106 Complex APIs: 93
libexpat.so: Total APIs: 67 Complex APIs: 63
libGeoIP.so: Total APIs: 145 Complex APIs: 90
libgd.so: Total APIs: 254 Complex APIs: 186
libsqlite3.so: Total APIs: 244 Complex APIs: 173
libgssapi.so: Total APIs: 107 Complex APIs: 41
libcom_err.so: Total APIs: 9 Complex APIs: 5
libsl.so: Total APIs: 12 Complex APIs: 12
libkafs.so: Total APIs: 26 Complex APIs: 20
libwind.so: Total APIs: 20 Complex APIs: 10
libheimntlm.so: Total APIs: 23 Complex APIs: 10
libotp.so: Total APIs: 25 Complex APIs: 17
libhx509.so: Total APIs: 237 Complex APIs: 222
libheimbase.so: Total APIs: 85 Complex APIs: 64
libheimsqlite.so: Total APIs: 216 Complex APIs: 147
libhdb.so: Total APIs: 111 Complex APIs: 98
libhcrypto.so: Total APIs: 300 Complex APIs: 171
libroken.so: Total APIs: 160 Complex APIs: 118
libkadm5clnt.so: Total APIs: 53 Complex APIs: 48
libkadm5srv.so: Total APIs: 80 Complex APIs: 75
libasn1.so: Total APIs: 1495 Complex APIs: 983
libheimedit.so: Total APIs: 140 Complex APIs: 89
libelf.so: Total APIs: 103 Complex APIs: 73
libexslt.so: Total APIs: 13 Complex APIs: 4
libxslt.so: Total APIs: 234 Complex APIs: 208
libsasl2.so: Total APIs: 133 Complex APIs: 109
libotp.so: Total APIs: 25 Complex APIs: 17
libplain.so: Total APIs: 23 Complex APIs: 15
libdigestmd5.so: Total APIs: 24 Complex APIs: 16
libscram.so: Total APIs: 23 Complex APIs: 15
libsasldb.so: Total APIs: 33 Complex APIs: 32
libcrammd5.so: Total APIs: 23 Complex APIs: 15
libanonymous.so: Total APIs: 23 Complex APIs: 15
libplds4.so: Total APIs: 26 Complex APIs: 25
libplc4.so: Total APIs: 41 Complex APIs: 40
libnspr4.so: Total APIs: 398 Complex APIs: 261
libpng16.so: Total APIs: 246 Complex APIs: 241
libbsd.so: Total APIs: 79 Complex APIs: 57
libjemalloc.so: Total APIs: 38 Complex APIs: 31
libicutu.so: Total APIs: 534 Complex APIs: 274
libiculx.so: Total APIs: 152 Complex APIs: 115
libicuio.so: Total APIs: 84 Complex APIs: 54
libicutest.so: Total APIs: 133 Complex APIs: 90
libicudata.so: Total APIs: 0 Complex APIs: 0
libsodium.so: Total APIs: 607 Complex APIs: 284
libedit.so: Total APIs: 146 Complex APIs: 92
libmnl.so: Total APIs: 68 Complex APIs: 27
libssh2.so: Total APIs: 129 Complex APIs: 123
libonig.so: Total APIs: 263 Complex APIs: 167
libplds4.so: Total APIs: 26 Complex APIs: 25
libplc4.so: Total APIs: 41 Complex APIs: 40
libnspr4.so: Total APIs: 398 Complex APIs: 261
libicutu.so: Total APIs: 534 Complex APIs: 274
libicuio.so: Total APIs: 84 Complex APIs: 54
libiculx.so: Total APIs: 152 Complex APIs: 115
libicutest.so: Total APIs: 133 Complex APIs: 90
libicudata.so: Total APIs: 0 Complex APIs: 0
libsigar.so: Total APIs: 180 Complex APIs: 138
libgcrypt.so: Total APIs: 199 Complex APIs: 87
libpcre2-posix.so: Total APIs: 4 Complex APIs: 3
libpcre2-8.so: Total APIs: 55 Complex APIs: 36
libnet.so: Total APIs: 169 Complex APIs: 154
libudev.so: Total APIs: 90 Complex APIs: 79
libsystemd.so: Total APIs: 419 Complex APIs: 375
libXdmcp.so: Total APIs: 42 Complex APIs: 16
libxml2mod.so: Total APIs: 929 Complex APIs: 54
libgnutls.so: Total APIs: 1233 Complex APIs: 759
libpkcs11mock2.so: Total APIs: 39 Complex APIs: 10
libpkcs11mock1.so: Total APIs: 106 Complex APIs: 45
libXau.so: Total APIs: 8 Complex APIs: 7
libdb-5.3.so: Total APIs: 1702 Complex APIs: 1622
libpanel.so: Total APIs: 18 Complex APIs: 17
libform.so: Total APIs: 100 Complex APIs: 90
libmenu.so: Total APIs: 76 Complex APIs: 74
libncurses.so: Total APIs: 623 Complex APIs: 435
libtasn1.so: Total APIs: 40 Complex APIs: 39
libfreetype.so: Total APIs: 277 Complex APIs: 238
libc.so: Total APIs: 979 Complex APIs: 468
libpng16.so: Total APIs: 246 Complex APIs: 241
libruby.so: Total APIs: 1468 Complex APIs: 544
libXpm.so: Total APIs: 65 Complex APIs: 54
libp11-kit.so: Total APIs: 100 Complex APIs: 72
libcurl.so: Total APIs: 81 Complex APIs: 67
libwebp.so: Total APIs: 289 Complex APIs: 184
libpcreposix.so: Total APIs: 4 Complex APIs: 3
libpcre.so: Total APIs: 25 Complex APIs: 19
libc.so: Total APIs: 979 Complex APIs: 468
libssl.so: Total APIs: 503 Complex APIs: 455
libcrypto.so: Total APIs: 4687 Complex APIs: 3587
libhogweed.so: Total APIs: 246 Complex APIs: 139
libnettle.so: Total APIs: 360 Complex APIs: 303
libgssapi_krb5.so: Total APIs: 107 Complex APIs: 66
libkrad.so: Total APIs: 23 Complex APIs: 21
libgssrpc.so: Total APIs: 130 Complex APIs: 54
libk5crypto.so: Total APIs: 100 Complex APIs: 49
libkdb5.so: Total APIs: 103 Complex APIs: 97
libkadm5srv_mit.so: Total APIs: 136 Complex APIs: 96
libkadm5clnt_mit.so: Total APIs: 119 Complex APIs: 82
libdb.so: Total APIs: 104 Complex APIs: 70
libverto.so: Total APIs: 33 Complex APIs: 31
libprofile.so: Total APIs: 29 Complex APIs: 29
libkrb5support.so: Total APIs: 97 Complex APIs: 62
libcom_err.so: Total APIs: 9 Complex APIs: 5
libmnl.so: Total APIs: 68 Complex APIs: 27
libuuid.so: Total APIs: 21 Complex APIs: 20
libz.so: Total APIs: 85 Complex APIs: 59
libgmp.so: Total APIs: 516 Complex APIs: 65
liblz4.so: Total APIs: 90 Complex APIs: 64
libkeyutils.so: Total APIs: 41 Complex APIs: 26
libnet.so: Total APIs: 169 Complex APIs: 154
