20.1031
100
15.3846
23.5897
6.06061
42.3077
21.875
100
15.3846
7.46269
63.9098
0
18.4375
6.48968
73.1092
33.9806
11.4564
45.9341
21.4286
16.6667
18
58.9744
50
2.27273
15.9677
16.9591
13.4069
14.5161
47.8723
27.1552
9.1954
11.0429
34.2438
21.2
18.4466
23.125
9.39759
19.2661
22.449
31.0345
14.6341
21.4286
5.26316
25
31.0345
3.22581
4
38.896
5.63107
29.5775
38.693
34.6405
31.6384
49.5063
26.5896
32.6667
35.9477
47.1642
21.6891
53.4247
6.91244
34.25
3.22581
4
38.896
7.27273
19.141
23.9819
16.6667
40
29.1139
58.8319
50
33.5526
26.5896
39.779
32.8402
36.9082
34.6405
31.6384
25
20.7207
9.39227
18.0435
18.7169
63.0435
89.4118
35.5658
35.5658
39.8738
75
57.4074
15.3846
3.79285
5.26316
4.09836
2.5
26.2045
8.92857
59.0062
29.7297
14.3555
63.3858
5.63107
64.8649
15.3226
44.273
11.2254
45.5857
25
13.2353
64.3937
24.9095
31.1896
64.7059
47.1831
19.0476
37.8378
19.4805
56.4669
36.7925
19.3396
30.0448
28.5714
29.9401
16.7939
14.1593
39.759
66.6667
55.2632
11.1111
25.8503
86.6176
29.3413
37.2093
9.39227
