libunwind-x86_64.so: Total Funcs: 194 Complex Funcs: 155 (String Funcs: 25)
libunwind-setjmp.so: Total Funcs: 2 Complex Funcs: 0 (String Funcs: 0)
libunwind-ptrace.so: Total Funcs: 26 Complex Funcs: 22 (String Funcs: 10)
libunwind.so: Total Funcs: 195 Complex Funcs: 149 (String Funcs: 27)
libunwind-coredump.so: Total Funcs: 33 Complex Funcs: 31 (String Funcs: 11)
libidn.so: Total Funcs: 78 Complex Funcs: 45 (String Funcs: 16)
libbz2.so: Total Funcs: 64 Complex Funcs: 50 (String Funcs: 21)
libX11-xcb.so: Total Funcs: 2 Complex Funcs: 0 (String Funcs: 0)
libX11.so: Total Funcs: 2210 Complex Funcs: 1870 (String Funcs: 543)
libffi.so: Total Funcs: 67 Complex Funcs: 62 (String Funcs: 28)
libnuma.so: Total Funcs: 133 Complex Funcs: 48 (String Funcs: 20)
libnonrandomopen.so: Total Funcs: 1 Complex Funcs: 1 (String Funcs: 0)
libzip.so: Total Funcs: 320 Complex Funcs: 261 (String Funcs: 36)
libexpat.so: Total Funcs: 339 Complex Funcs: 317 (String Funcs: 152)
libGeoIP.so: Total Funcs: 357 Complex Funcs: 96 (String Funcs: 19)
libgd.so: Total Funcs: 412 Complex Funcs: 272 (String Funcs: 47)
libsqlite3.so: Total Funcs: 3186 Complex Funcs: 2821 (String Funcs: 632)
libgssapi.so: Total Funcs: 455 Complex Funcs: 246 (String Funcs: 100)
libcom_err.so: Total Funcs: 14 Complex Funcs: 11 (String Funcs: 4)
libsl.so: Total Funcs: 24 Complex Funcs: 20 (String Funcs: 13)
libkafs.so: Total Funcs: 50 Complex Funcs: 41 (String Funcs: 15)
libwind.so: Total Funcs: 39 Complex Funcs: 16 (String Funcs: 8)
libheimntlm.so: Total Funcs: 42 Complex Funcs: 21 (String Funcs: 7)
libotp.so: Total Funcs: 44 Complex Funcs: 43 (String Funcs: 17)
libhx509.so: Total Funcs: 620 Complex Funcs: 521 (String Funcs: 80)
libheimbase.so: Total Funcs: 171 Complex Funcs: 142 (String Funcs: 39)
libheimsqlite.so: Total Funcs: 1902 Complex Funcs: 1647 (String Funcs: 300)
libhdb.so: Total Funcs: 248 Complex Funcs: 212 (String Funcs: 60)
libhcrypto.so: Total Funcs: 564 Complex Funcs: 294 (String Funcs: 75)
libroken.so: Total Funcs: 232 Complex Funcs: 169 (String Funcs: 74)
libkadm5clnt.so: Total Funcs: 87 Complex Funcs: 79 (String Funcs: 4)
libkadm5srv.so: Total Funcs: 163 Complex Funcs: 145 (String Funcs: 9)
libasn1.so: Total Funcs: 1501 Complex Funcs: 987 (String Funcs: 562)
libheimedit.so: Total Funcs: 500 Complex Funcs: 394 (String Funcs: 73)
libelf.so: Total Funcs: 206 Complex Funcs: 168 (String Funcs: 54)
libexslt.so: Total Funcs: 160 Complex Funcs: 123 (String Funcs: 16)
libxslt.so: Total Funcs: 415 Complex Funcs: 376 (String Funcs: 62)
libsasl2.so: Total Funcs: 218 Complex Funcs: 176 (String Funcs: 68)
libotp.so: Total Funcs: 49 Complex Funcs: 38 (String Funcs: 14)
libplain.so: Total Funcs: 29 Complex Funcs: 20 (String Funcs: 6)
libdigestmd5.so: Total Funcs: 82 Complex Funcs: 70 (String Funcs: 39)
libscram.so: Total Funcs: 42 Complex Funcs: 33 (String Funcs: 14)
libsasldb.so: Total Funcs: 38 Complex Funcs: 36 (String Funcs: 11)
libcrammd5.so: Total Funcs: 36 Complex Funcs: 27 (String Funcs: 6)
libanonymous.so: Total Funcs: 29 Complex Funcs: 20 (String Funcs: 6)
libplds4.so: Total Funcs: 31 Complex Funcs: 30 (String Funcs: 1)
libplc4.so: Total Funcs: 50 Complex Funcs: 48 (String Funcs: 32)
libnspr4.so: Total Funcs: 779 Complex Funcs: 476 (String Funcs: 82)
libpng16.so: Total Funcs: 515 Complex Funcs: 486 (String Funcs: 154)
libbsd.so: Total Funcs: 142 Complex Funcs: 100 (String Funcs: 62)
libjemalloc.so: Total Funcs: 2127 Complex Funcs: 1304 (String Funcs: 72)
liblber-2-devel.so: Total Funcs: 153 Complex Funcs: 100 (String Funcs: 39)
libldap-2-devel.so: Total Funcs: 708 Complex Funcs: 484 (String Funcs: 167)
libicutu.so: Total Funcs: 709 Complex Funcs: 358 (String Funcs: 123)
libiculx.so: Total Funcs: 173 Complex Funcs: 127 (String Funcs: 6)
libicuio.so: Total Funcs: 150 Complex Funcs: 101 (String Funcs: 10)
libicutest.so: Total Funcs: 153 Complex Funcs: 98 (String Funcs: 16)
libicudata.so: Total Funcs: 0 Complex Funcs: 0 (String Funcs: 0)
libsodium.so: Total Funcs: 1005 Complex Funcs: 531 (String Funcs: 204)
libedit.so: Total Funcs: 521 Complex Funcs: 408 (String Funcs: 81)
libmnl.so: Total Funcs: 73 Complex Funcs: 34 (String Funcs: 13)
libssh2.so: Total Funcs: 434 Complex Funcs: 404 (String Funcs: 133)
libonig.so: Total Funcs: 800 Complex Funcs: 526 (String Funcs: 187)
libplds4.so: Total Funcs: 31 Complex Funcs: 30 (String Funcs: 1)
libplc4.so: Total Funcs: 50 Complex Funcs: 48 (String Funcs: 32)
libnspr4.so: Total Funcs: 779 Complex Funcs: 476 (String Funcs: 82)
libevent_openssl-2.1.so: Total Funcs: 55 Complex Funcs: 51 (String Funcs: 5)
libevent-2.1.so: Total Funcs: 1071 Complex Funcs: 866 (String Funcs: 189)
libevent_core-2.1.so: Total Funcs: 663 Complex Funcs: 504 (String Funcs: 133)
libevent_extra-2.1.so: Total Funcs: 408 Complex Funcs: 340 (String Funcs: 56)
libevent_pthreads-2.1.so: Total Funcs: 10 Complex Funcs: 6 (String Funcs: 0)
libhistory.so: Total Funcs: 79 Complex Funcs: 56 (String Funcs: 34)
libreadline.so: Total Funcs: 702 Complex Funcs: 289 (String Funcs: 180)
libicutu.so: Total Funcs: 730 Complex Funcs: 365 (String Funcs: 123)
libicuio.so: Total Funcs: 152 Complex Funcs: 101 (String Funcs: 10)
libiculx.so: Total Funcs: 173 Complex Funcs: 127 (String Funcs: 6)
libicutest.so: Total Funcs: 181 Complex Funcs: 109 (String Funcs: 19)
libicudata.so: Total Funcs: 0 Complex Funcs: 0 (String Funcs: 0)
libsigar.so: Total Funcs: 338 Complex Funcs: 227 (String Funcs: 62)
libgcrypt.so: Total Funcs: 2070 Complex Funcs: 1306 (String Funcs: 472)
liblber-2-devel.so: Total Funcs: 153 Complex Funcs: 100 (String Funcs: 39)
libldap-2-devel.so: Total Funcs: 708 Complex Funcs: 484 (String Funcs: 167)
libpcre2-posix.so: Total Funcs: 4 Complex Funcs: 3 (String Funcs: 2)
libpcre2-8.so: Total Funcs: 111 Complex Funcs: 88 (String Funcs: 66)
libnet.so: Total Funcs: 181 Complex Funcs: 164 (String Funcs: 26)
libudev.so: Total Funcs: 460 Complex Funcs: 377 (String Funcs: 81)
libsystemd.so: Total Funcs: 1512 Complex Funcs: 1229 (String Funcs: 320)
libXdmcp.so: Total Funcs: 46 Complex Funcs: 17 (String Funcs: 9)
libxml2mod.so: Total Funcs: 1020 Complex Funcs: 108 (String Funcs: 7)
libselinux.so: Total Funcs: 433 Complex Funcs: 279 (String Funcs: 78)
libselinux.so: Total Funcs: 433 Complex Funcs: 279 (String Funcs: 78)
libgnutls.so: Total Funcs: 3644 Complex Funcs: 2191 (String Funcs: 469)
libpkcs11mock2.so: Total Funcs: 44 Complex Funcs: 11 (String Funcs: 7)
libpkcs11mock1.so: Total Funcs: 108 Complex Funcs: 46 (String Funcs: 17)
libXau.so: Total Funcs: 13 Complex Funcs: 11 (String Funcs: 2)
libdb-5.3.so: Total Funcs: 2742 Complex Funcs: 2638 (String Funcs: 653)
libpanel.so: Total Funcs: 19 Complex Funcs: 18 (String Funcs: 0)
libform.so: Total Funcs: 244 Complex Funcs: 234 (String Funcs: 41)
libmenu.so: Total Funcs: 80 Complex Funcs: 78 (String Funcs: 9)
libncurses.so: Total Funcs: 851 Complex Funcs: 628 (String Funcs: 198)
libtasn1.so: Total Funcs: 112 Complex Funcs: 102 (String Funcs: 49)
libreadline.so: Total Funcs: 644 Complex Funcs: 264 (String Funcs: 162)
libhistory.so: Total Funcs: 74 Complex Funcs: 52 (String Funcs: 31)
libfreetype.so: Total Funcs: 1637 Complex Funcs: 1402 (String Funcs: 347)
libc.so: Total Funcs: 2540 Complex Funcs: 930 (String Funcs: 387)
libpng16.so: Total Funcs: 515 Complex Funcs: 486 (String Funcs: 154)
libruby.so: Total Funcs: 9065 Complex Funcs: 3185 (String Funcs: 686)
libXpm.so: Total Funcs: 124 Complex Funcs: 105 (String Funcs: 59)
libp11-kit.so: Total Funcs: 5186 Complex Funcs: 2890 (String Funcs: 142)
libcurl.so: Total Funcs: 1167 Complex Funcs: 1036 (String Funcs: 267)
libwebp.so: Total Funcs: 1178 Complex Funcs: 641 (String Funcs: 356)
libpcreposix.so: Total Funcs: 4 Complex Funcs: 3 (String Funcs: 2)
libpcre.so: Total Funcs: 68 Complex Funcs: 59 (String Funcs: 48)
libc.so: Total Funcs: 2713 Complex Funcs: 966 (String Funcs: 409)
libssl.so: Total Funcs: 1658 Complex Funcs: 1245 (String Funcs: 116)
libcrypto.so: Total Funcs: 9516 Complex Funcs: 6548 (String Funcs: 774)
libaio.so: Total Funcs: 17 Complex Funcs: 6 (String Funcs: 0)
libhogweed.so: Total Funcs: 284 Complex Funcs: 150 (String Funcs: 46)
libnettle.so: Total Funcs: 420 Complex Funcs: 340 (String Funcs: 127)
libgssapi_krb5.so: Total Funcs: 814 Complex Funcs: 506 (String Funcs: 95)
libkrad.so: Total Funcs: 77 Complex Funcs: 62 (String Funcs: 19)
libgssrpc.so: Total Funcs: 317 Complex Funcs: 138 (String Funcs: 34)
libk5crypto.so: Total Funcs: 530 Complex Funcs: 335 (String Funcs: 87)
libkdb5.so: Total Funcs: 212 Complex Funcs: 171 (String Funcs: 21)
libkadm5srv_mit.so: Total Funcs: 223 Complex Funcs: 156 (String Funcs: 28)
libkadm5clnt_mit.so: Total Funcs: 175 Complex Funcs: 125 (String Funcs: 18)
libdb.so: Total Funcs: 167 Complex Funcs: 117 (String Funcs: 66)
libverto.so: Total Funcs: 131 Complex Funcs: 109 (String Funcs: 1)
libprofile.so: Total Funcs: 113 Complex Funcs: 97 (String Funcs: 33)
libkrb5support.so: Total Funcs: 166 Complex Funcs: 100 (String Funcs: 41)
libcom_err.so: Total Funcs: 21 Complex Funcs: 7 (String Funcs: 3)
libmnl.so: Total Funcs: 76 Complex Funcs: 34 (String Funcs: 13)
libuuid.so: Total Funcs: 27 Complex Funcs: 24 (String Funcs: 7)
libz.so: Total Funcs: 147 Complex Funcs: 109 (String Funcs: 53)
libgmp.so: Total Funcs: 680 Complex Funcs: 91 (String Funcs: 53)
liblz4.so: Total Funcs: 167 Complex Funcs: 118 (String Funcs: 52)
libkeyutils.so: Total Funcs: 43 Complex Funcs: 27 (String Funcs: 5)
libnet.so: Total Funcs: 181 Complex Funcs: 164 (String Funcs: 26)
